[0/2] Re-checking globbed directories...
[1/78] cd /home/warloc/git/xfmd-sdl-navigation/build-ui && /usr/bin/python3.12 /home/warloc/git/xfmd-sdl-navigation/tools/build_identity.py --source /home/warloc/git/xfmd-sdl-navigation --output /home/warloc/git/xfmd-sdl-navigation/build-ui/generated
[2/76] Building CXX object CMakeFiles/xfmd_application.dir/src/application/ui/XfmdToolbar.cpp.o
[3/76] Linking CXX static library libxfmd_application.a
[4/76] Linking CXX executable ExternalBrowserTest
[5/76] Building CXX object CMakeFiles/xfmd.dir/src/application/main.cpp.o
[6/76] Linking CXX executable xfmd
[7/76] Building CXX object CMakeFiles/PathWorkspaceGuiTest.dir/tests/gui/PathWorkspaceGuiTest.cpp.o
[8/76] Linking CXX executable PathWorkspaceGuiTest
[9/76] Building CXX object CMakeFiles/OpenPathDialogGuiTest.dir/tests/gui/OpenPathDialogGuiTest.cpp.o
[10/76] Linking CXX executable OpenPathDialogGuiTest
[11/76] Building CXX object CMakeFiles/FileRoutingGuiTest.dir/tests/gui/FileRoutingGuiTest.cpp.o
[12/76] Building CXX object CMakeFiles/MermaidGuiTest.dir/tests/gui/MermaidGuiTest.cpp.o
[13/76] Linking CXX executable FileRoutingGuiTest
[14/76] Linking CXX executable MermaidGuiTest
[15/76] Building CXX object CMakeFiles/RecentFilesGuiTest.dir/tests/gui/RecentFilesGuiTest.cpp.o
[16/76] Linking CXX executable RecentFilesGuiTest
[17/76] Building CXX object CMakeFiles/PreviewSelectionGuiTest.dir/tests/gui/PreviewSelectionGuiTest.cpp.o
[18/76] Linking CXX executable PreviewSelectionGuiTest
[19/76] Building CXX object CMakeFiles/CompactWorkspaceTest.dir/tests/gui/CompactWorkspaceTest.cpp.o
[20/76] Linking CXX executable CompactWorkspaceTest
[21/76] Building CXX object CMakeFiles/ReadingColorsGuiTest.dir/tests/gui/ReadingColorsGuiTest.cpp.o
[22/76] Linking CXX executable ReadingColorsGuiTest
[23/76] Building CXX object CMakeFiles/TreeActionsTest.dir/tests/gui/TreeActionsTest.cpp.o
[24/76] Building CXX object CMakeFiles/AppearancePreferencesTest.dir/tests/gui/AppearancePreferencesTest.cpp.o
[25/76] Linking CXX executable TreeActionsTest
[26/76] Linking CXX executable UiControlsTest
[27/76] Linking CXX executable AppearancePreferencesTest
[28/76] Building CXX object CMakeFiles/AppearanceGuiTest.dir/tests/gui/AppearanceGuiTest.cpp.o
[29/76] Linking CXX executable AppearanceGuiTest
[30/76] Building CXX object CMakeFiles/BrowserPreferencesTest.dir/tests/gui/BrowserPreferencesTest.cpp.o
[31/76] Building CXX object CMakeFiles/IndexGuiTest.dir/tests/gui/IndexGuiTest.cpp.o
[32/76] Linking CXX executable BrowserPreferencesTest
[33/76] Linking CXX executable IndexGuiTest
[34/76] Building CXX object CMakeFiles/WorkspaceTest.dir/tests/gui/WorkspaceTest.cpp.o
[35/76] Linking CXX executable WorkspaceTest
[36/76] Building CXX object CMakeFiles/PresentationTest.dir/tests/gui/PresentationTest.cpp.o
[37/76] Building CXX object CMakeFiles/ScrollingTest.dir/tests/gui/ScrollingTest.cpp.o
[38/76] Linking CXX executable PresentationTest
[39/76] Linking CXX executable ScrollingTest
[40/76] Building CXX object CMakeFiles/NavigationGuiTest.dir/tests/gui/NavigationGuiTest.cpp.o
[41/76] Building CXX object CMakeFiles/SidebarGuiTest.dir/tests/gui/SidebarGuiTest.cpp.o
[42/76] Linking CXX executable NavigationGuiTest
[43/76] Linking CXX executable SidebarGuiTest
[44/76] Building CXX object CMakeFiles/WheelGuiTest.dir/tests/gui/WheelGuiTest.cpp.o
[45/76] Linking CXX executable WheelGuiTest
[46/76] Building CXX object CMakeFiles/PointerTest.dir/tests/gui/PointerTest.cpp.o
[47/76] Building CXX object CMakeFiles/WorkPathGuiTest.dir/tests/gui/WorkPathGuiTest.cpp.o
[48/76] Linking CXX executable PointerTest
[49/76] Linking CXX executable WorkPathGuiTest
[50/76] Building CXX object CMakeFiles/TablePreviewTest.dir/tests/gui/TablePreviewTest.cpp.o
[51/76] Building CXX object CMakeFiles/CapturePresentation.dir/tests/gui/CapturePresentation.cpp.o
[52/76] Linking CXX executable TablePreviewTest
[53/76] Linking CXX executable PreferencesTest
[54/76] Building CXX object CMakeFiles/xfmd_cold_start.dir/tests/acceptance/ColdStart.cpp.o
[55/76] Linking CXX executable CapturePresentation
[56/76] Linking CXX executable xfmd_cold_start
[57/76] Building CXX object CMakeFiles/PagedPreviewTest.dir/tests/gui/PagedPreviewTest.cpp.o
[58/76] Building CXX object CMakeFiles/ExportGuiTest.dir/tests/gui/ExportGuiTest.cpp.o
[59/76] Linking CXX executable PagedPreviewTest
[60/76] Building CXX object CMakeFiles/FullscreenTest.dir/tests/gui/FullscreenTest.cpp.o
[61/76] Linking CXX executable ExportGuiTest
[62/76] Linking CXX executable CanvasTest
[63/76] Linking CXX executable FullscreenTest
[64/76] Linking CXX executable ThemeProfilesTest
[65/76] Building CXX object CMakeFiles/IconTest.dir/tests/gui/IconTest.cpp.o
[66/76] Linking CXX executable IconTest
[67/76] Building CXX object CMakeFiles/CapturePreferences.dir/tests/gui/CapturePreferences.cpp.o
[68/76] Building CXX object CMakeFiles/CaptureAppearance.dir/tests/gui/CaptureAppearance.cpp.o
[69/76] Linking CXX executable CapturePreferences
[70/76] Linking CXX executable WindowEndpointBoundaryTest
[71/76] Linking CXX executable CaptureAppearance
[72/76] Linking CXX executable ThemePopupGuiTest
[73/76] Building CXX object CMakeFiles/DocumentViewsGuiTest.dir/tests/gui/DocumentViewsGuiTest.cpp.o
/home/warloc/git/xfmd-sdl-navigation/tests/gui/DocumentViewsGuiTest.cpp: In function ‘void run()’:
/home/warloc/git/xfmd-sdl-navigation/tests/gui/DocumentViewsGuiTest.cpp:54:88: warning: missing initializer for member ‘xfmd::DocumentViewConfig::broker’ [-Wmissing-field-initializers]
   54 |   DocumentViewConfig c{nav, tool, source, "demo", "", "gui-" + std::to_string(getpid())};
      |                                                                                        ^
[74/76] Linking CXX executable DocumentViewsGuiTest
[75/76] Building CXX object CMakeFiles/DocumentLeaseGuiTest.dir/tests/gui/DocumentLeaseGuiTest.cpp.o
[76/76] Linking CXX executable DocumentLeaseGuiTest
