[0/2] Re-checking globbed directories...
[1/208] Building CXX object CMakeFiles/xfmd_math_engine.dir/home/warloc/git/xfmd/build/_deps/microtex-src/src/atom/atom_char.cpp.o
[2/208] Building CXX object CMakeFiles/xfmd_math_engine.dir/home/warloc/git/xfmd/build/_deps/microtex-src/src/atom/atom_impl.cpp.o
[3/208] Building CXX object CMakeFiles/xfmd_math_engine.dir/home/warloc/git/xfmd/build/_deps/microtex-src/src/atom/atom_basic.cpp.o
[4/208] Building CXX object CMakeFiles/xfmd_math_engine.dir/home/warloc/git/xfmd/build/_deps/microtex-src/src/atom/atom_matrix.cpp.o
[5/208] Building CXX object CMakeFiles/xfmd_math_engine.dir/home/warloc/git/xfmd/build/_deps/microtex-src/src/atom/atom_row.cpp.o
[6/208] Building CXX object CMakeFiles/xfmd_math_engine.dir/home/warloc/git/xfmd/build/_deps/microtex-src/src/atom/atom_space.cpp.o
[7/208] Building CXX object CMakeFiles/xfmd_math_engine.dir/home/warloc/git/xfmd/build/_deps/microtex-src/src/atom/colors_def.cpp.o
[8/208] Building CXX object CMakeFiles/xfmd_math_engine.dir/home/warloc/git/xfmd/build/_deps/microtex-src/src/atom/unit_conversion.cpp.o
[9/208] Building CXX object CMakeFiles/xfmd_math_engine.dir/home/warloc/git/xfmd/build/_deps/microtex-src/src/box/box.cpp.o
[10/208] Building CXX object CMakeFiles/xfmd_math_engine.dir/home/warloc/git/xfmd/build/_deps/microtex-src/src/box/box_single.cpp.o
[11/208] Building CXX object CMakeFiles/xfmd_math_engine.dir/home/warloc/git/xfmd/build/_deps/microtex-src/src/box/box_factory.cpp.o
[12/208] Building CXX object CMakeFiles/xfmd_math_engine.dir/home/warloc/git/xfmd/build/_deps/microtex-src/src/box/box_group.cpp.o
[13/208] Building CXX object CMakeFiles/xfmd_math_engine.dir/home/warloc/git/xfmd/build/_deps/microtex-src/src/core/core.cpp.o
[14/208] Building CXX object CMakeFiles/xfmd_math_engine.dir/home/warloc/git/xfmd/build/_deps/microtex-src/src/core/formula_def.cpp.o
[15/208] Building CXX object CMakeFiles/xfmd_math_engine.dir/home/warloc/git/xfmd/build/_deps/microtex-src/src/core/localized_num.cpp.o
[16/208] Building CXX object CMakeFiles/xfmd_math_engine.dir/home/warloc/git/xfmd/build/_deps/microtex-src/src/core/glue.cpp.o
[17/208] Building CXX object CMakeFiles/xfmd_math_engine.dir/home/warloc/git/xfmd/build/_deps/microtex-src/src/core/formula.cpp.o
[18/208] Building CXX object CMakeFiles/xfmd_math_engine.dir/home/warloc/git/xfmd/build/_deps/microtex-src/src/core/macro.cpp.o
[19/208] Building CXX object CMakeFiles/xfmd_math_engine.dir/home/warloc/git/xfmd/build/_deps/microtex-src/src/core/macro_impl.cpp.o
[20/208] Building CXX object CMakeFiles/xfmd_math_engine.dir/home/warloc/git/xfmd/build/_deps/microtex-src/src/core/parser.cpp.o
[21/208] Building CXX object CMakeFiles/xfmd_math_engine.dir/home/warloc/git/xfmd/build/_deps/microtex-src/src/fonts/font_basic.cpp.o
[22/208] Building CXX object CMakeFiles/xfmd_math_engine.dir/home/warloc/git/xfmd/build/_deps/microtex-src/src/fonts/alphabet.cpp.o
[23/208] Building CXX object CMakeFiles/xfmd_math_engine.dir/home/warloc/git/xfmd/build/_deps/microtex-src/src/fonts/font_info.cpp.o
[24/208] Building CXX object CMakeFiles/xfmd_math_engine.dir/home/warloc/git/xfmd/build/_deps/microtex-src/src/fonts/fonts.cpp.o
[25/208] Building CXX object CMakeFiles/xfmd_math_engine.dir/home/warloc/git/xfmd/build/_deps/microtex-src/src/res/builtin/formula_mappings.res.cpp.o
[26/208] Building CXX object CMakeFiles/xfmd_math_engine.dir/home/warloc/git/xfmd/build/_deps/microtex-src/src/res/builtin/symbol_mapping.res.cpp.o
[27/208] Building CXX object CMakeFiles/xfmd_math_engine.dir/home/warloc/git/xfmd/build/_deps/microtex-src/src/res/builtin/tex_param.res.cpp.o
[28/208] Building CXX object CMakeFiles/xfmd_math_engine.dir/home/warloc/git/xfmd/build/_deps/microtex-src/src/res/font/bi10.def.cpp.o
[29/208] Building CXX object CMakeFiles/xfmd_math_engine.dir/home/warloc/git/xfmd/build/_deps/microtex-src/src/res/font/bx10.def.cpp.o
[30/208] Building CXX object CMakeFiles/xfmd_math_engine.dir/home/warloc/git/xfmd/build/_deps/microtex-src/src/core/macro_def.cpp.o
[31/208] Building CXX object CMakeFiles/xfmd_math_engine.dir/home/warloc/git/xfmd/build/_deps/microtex-src/src/res/font/cmbsy10.def.cpp.o
[32/208] Building CXX object CMakeFiles/xfmd_math_engine.dir/home/warloc/git/xfmd/build/_deps/microtex-src/src/res/font/cmbx10.def.cpp.o
[33/208] Building CXX object CMakeFiles/xfmd_math_engine.dir/home/warloc/git/xfmd/build/_deps/microtex-src/src/res/font/cmbxti10.def.cpp.o
[34/208] Building CXX object CMakeFiles/xfmd_math_engine.dir/home/warloc/git/xfmd/build/_deps/microtex-src/src/res/font/cmex10.def.cpp.o
[35/208] Building CXX object CMakeFiles/xfmd_math_engine.dir/home/warloc/git/xfmd/build/_deps/microtex-src/src/res/font/cmmi10.def.cpp.o
[36/208] Building CXX object CMakeFiles/xfmd_math_engine.dir/home/warloc/git/xfmd/build/_deps/microtex-src/src/res/font/cmmi10_unchanged.def.cpp.o
[37/208] Building CXX object CMakeFiles/xfmd_math_engine.dir/home/warloc/git/xfmd/build/_deps/microtex-src/src/res/font/cmmib10.def.cpp.o
[38/208] Building CXX object CMakeFiles/xfmd_math_engine.dir/home/warloc/git/xfmd/build/_deps/microtex-src/src/res/builtin/tex_symbols.res.cpp.o
[39/208] Building CXX object CMakeFiles/xfmd_math_engine.dir/home/warloc/git/xfmd/build/_deps/microtex-src/src/res/font/cmmib10_unchanged.def.cpp.o
[40/208] Building CXX object CMakeFiles/xfmd_math_engine.dir/home/warloc/git/xfmd/build/_deps/microtex-src/src/res/font/cmr10.def.cpp.o
[41/208] Building CXX object CMakeFiles/xfmd_math_engine.dir/home/warloc/git/xfmd/build/_deps/microtex-src/src/res/font/cmss10.def.cpp.o
[42/208] Building CXX object CMakeFiles/xfmd_math_engine.dir/home/warloc/git/xfmd/build/_deps/microtex-src/src/res/font/cmssbx10.def.cpp.o
[43/208] Building CXX object CMakeFiles/xfmd_math_engine.dir/home/warloc/git/xfmd/build/_deps/microtex-src/src/res/font/cmssi10.def.cpp.o
[44/208] Building CXX object CMakeFiles/xfmd_math_engine.dir/home/warloc/git/xfmd/build/_deps/microtex-src/src/res/font/cmti10.def.cpp.o
[45/208] Building CXX object CMakeFiles/xfmd_math_engine.dir/home/warloc/git/xfmd/build/_deps/microtex-src/src/res/font/cmsy10.def.cpp.o
[46/208] Building CXX object CMakeFiles/xfmd_math_engine.dir/home/warloc/git/xfmd/build/_deps/microtex-src/src/res/font/cmtt10.def.cpp.o
[47/208] Building CXX object CMakeFiles/xfmd_math_engine.dir/home/warloc/git/xfmd/build/_deps/microtex-src/src/res/font/cmti10_unchanged.def.cpp.o
[48/208] Building CXX object CMakeFiles/xfmd_math_engine.dir/home/warloc/git/xfmd/build/_deps/microtex-src/src/res/font/dsrom10.def.cpp.o
[49/208] Building CXX object CMakeFiles/xfmd_math_engine.dir/home/warloc/git/xfmd/build/_deps/microtex-src/src/res/font/eufm10.def.cpp.o
[50/208] Building CXX object CMakeFiles/xfmd_math_engine.dir/home/warloc/git/xfmd/build/_deps/microtex-src/src/res/font/eufb10.def.cpp.o
[51/208] Building CXX object CMakeFiles/xfmd_math_engine.dir/home/warloc/git/xfmd/build/_deps/microtex-src/src/res/font/i10.def.cpp.o
[52/208] Building CXX object CMakeFiles/xfmd_math_engine.dir/home/warloc/git/xfmd/build/_deps/microtex-src/src/res/font/msam10.def.cpp.o
[53/208] Building CXX object CMakeFiles/xfmd_math_engine.dir/home/warloc/git/xfmd/build/_deps/microtex-src/src/res/font/moustache.def.cpp.o
[54/208] Building CXX object CMakeFiles/xfmd_math_engine.dir/home/warloc/git/xfmd/build/_deps/microtex-src/src/res/font/msbm10.def.cpp.o
[55/208] Building CXX object CMakeFiles/xfmd_math_engine.dir/home/warloc/git/xfmd/build/_deps/microtex-src/src/res/font/r10.def.cpp.o
[56/208] Building CXX object CMakeFiles/xfmd_math_engine.dir/home/warloc/git/xfmd/build/_deps/microtex-src/src/res/font/r10_unchanged.def.cpp.o
[57/208] Building CXX object CMakeFiles/xfmd_math_engine.dir/home/warloc/git/xfmd/build/_deps/microtex-src/src/res/font/rsfs10.def.cpp.o
[58/208] Building CXX object CMakeFiles/xfmd_math_engine.dir/home/warloc/git/xfmd/build/_deps/microtex-src/src/res/font/sb10.def.cpp.o
[59/208] Building CXX object CMakeFiles/xfmd_math_engine.dir/home/warloc/git/xfmd/build/_deps/microtex-src/src/res/font/sbi10.def.cpp.o
[60/208] Building CXX object CMakeFiles/xfmd_math_engine.dir/home/warloc/git/xfmd/build/_deps/microtex-src/src/res/font/si10.def.cpp.o
[61/208] Building CXX object CMakeFiles/xfmd_math_engine.dir/home/warloc/git/xfmd/build/_deps/microtex-src/src/res/font/special.def.cpp.o
[62/208] Building CXX object CMakeFiles/xfmd_math_engine.dir/home/warloc/git/xfmd/build/_deps/microtex-src/src/res/font/ss10.def.cpp.o
[63/208] Building CXX object CMakeFiles/xfmd_math_engine.dir/home/warloc/git/xfmd/build/_deps/microtex-src/src/res/font/stmary10.def.cpp.o
[64/208] Building CXX object CMakeFiles/xfmd_math_engine.dir/home/warloc/git/xfmd/build/_deps/microtex-src/src/res/font/tt10.def.cpp.o
[65/208] Building CXX object CMakeFiles/xfmd_math_engine.dir/home/warloc/git/xfmd/build/_deps/microtex-src/src/res/reg/builtin_font_reg.cpp.o
[66/208] Building CXX object CMakeFiles/xfmd_math_engine.dir/home/warloc/git/xfmd/build/_deps/microtex-src/src/res/reg/builtin_syms_reg.cpp.o
[67/208] Building CXX object CMakeFiles/xfmd_math_engine.dir/home/warloc/git/xfmd/build/_deps/microtex-src/src/res/parser/formula_parser.cpp.o
[68/208] Building CXX object CMakeFiles/xfmd_math_engine.dir/home/warloc/git/xfmd/build/_deps/microtex-src/src/res/sym/amsfonts.def.cpp.o
[69/208] Building CXX object CMakeFiles/xfmd_math_engine.dir/home/warloc/git/xfmd/build/_deps/microtex-src/src/res/parser/font_parser.cpp.o
[70/208] Building CXX object CMakeFiles/xfmd_math_engine.dir/home/warloc/git/xfmd/build/_deps/microtex-src/src/res/sym/amssymb.def.cpp.o
[71/208] Building CXX object CMakeFiles/xfmd_math_engine.dir/home/warloc/git/xfmd/build/_deps/microtex-src/src/res/sym/stmaryrd.def.cpp.o
[72/208] Building CXX object CMakeFiles/xfmd_math_engine.dir/home/warloc/git/xfmd/build/_deps/microtex-src/src/res/sym/base.def.cpp.o
[73/208] Building CXX object CMakeFiles/xfmd_math_engine.dir/home/warloc/git/xfmd/build/_deps/microtex-src/src/utils/utf.cpp.o
[74/208] Building CXX object CMakeFiles/xfmd_math_engine.dir/home/warloc/git/xfmd/build/_deps/microtex-src/src/res/sym/symspecial.def.cpp.o
[75/208] Building CXX object CMakeFiles/xfmd_math_engine.dir/home/warloc/git/xfmd/build/_deps/microtex-src/src/utils/utils.cpp.o
[76/208] Building CXX object CMakeFiles/xfmd_math_engine.dir/home/warloc/git/xfmd/build/_deps/microtex-src/src/utils/string_utils.cpp.o
[77/208] Building CXX object CMakeFiles/xfmd_math_engine.dir/home/warloc/git/xfmd/build/_deps/microtex-src/src/latex.cpp.o
[78/208] Building CXX object CMakeFiles/xfmd_math_engine.dir/home/warloc/git/xfmd/build/_deps/microtex-src/src/render.cpp.o
[79/208] Building CXX object CMakeFiles/xfmd_document.dir/src/application/io/InputPolicy.cpp.o
[80/208] Building CXX object CMakeFiles/xfmd_math_engine.dir/home/warloc/git/xfmd/build/_deps/microtex-src/src/platform/cairo/graphic_cairo.cpp.o
[81/208] Building CXX object CMakeFiles/xfmd_document.dir/src/application/io/FileOpenPolicy.cpp.o
[82/208] Linking CXX static library libxfmd_math_engine.a
[83/208] Building CXX object CMakeFiles/xfmd_document.dir/src/application/io/LocalFileStore.cpp.o
[84/208] Building CXX object CMakeFiles/xfmd_document.dir/src/application/document/DocumentCoordinator.cpp.o
[85/208] Building CXX object CMakeFiles/xfmd_document.dir/src/application/document/DocumentSession.cpp.o
[86/208] Building CXX object CMakeFiles/xfmd_document.dir/src/application/document/TextProjection.cpp.o
[87/208] Building CXX object CMakeFiles/xfmd_document.dir/src/application/document/EditController.cpp.o
[88/208] Linking CXX static library libxfmd_document.a
[89/208] Building CXX object CMakeFiles/xfmd_preview.dir/src/application/preview/PreviewSelection.cpp.o
[90/208] Building CXX object CMakeFiles/xfmd_preview.dir/src/application/preview/PreviewCoordinator.cpp.o
[91/208] Building CXX object CMakeFiles/xfmd_preview.dir/src/application/preview/ParserWorker.cpp.o
[92/208] Linking CXX static library libxfmd_preview.a
[93/208] Building CXX object CMakeFiles/xfmd_scroll.dir/src/application/scroll/AnchorMapper.cpp.o
[94/208] Building CXX object CMakeFiles/xfmd_scroll.dir/src/application/scroll/ScrollDynamics.cpp.o
[95/208] Building CXX object CMakeFiles/xfmd_scroll.dir/src/application/scroll/ScrollCoordinator.cpp.o
[96/208] Linking CXX static library libxfmd_scroll.a
[97/208] Building CXX object CMakeFiles/xfmd_navigation.dir/src/application/navigation/HistoryStore.cpp.o
[98/208] Building CXX object CMakeFiles/xfmd_navigation.dir/src/application/navigation/LinkResolver.cpp.o
[99/208] Building CXX object CMakeFiles/xfmd_navigation.dir/src/application/navigation/NavigationCoordinator.cpp.o
[100/208] Linking CXX static library libxfmd_navigation.a
[101/208] Building CXX object CMakeFiles/xfmd_index.dir/src/application/index/DocumentIndex.cpp.o
[102/208] Building CXX object CMakeFiles/xfmd_index.dir/src/application/index/ReferenceWorker.cpp.o
[103/208] Linking CXX static library libxfmd_index.a
[104/208] Building CXX object CMakeFiles/xfmd_workspace.dir/src/application/workspace/FileNameFilter.cpp.o
[105/208] Building CXX object CMakeFiles/xfmd_workspace.dir/src/application/workspace/WorkPathHistory.cpp.o
[106/208] Building CXX object CMakeFiles/xfmd_media.dir/src/application/media/EmbeddedVisuals.cpp.o
[107/208] Building CXX object CMakeFiles/xfmd_workspace.dir/src/application/workspace/DirectoryScanner.cpp.o
[108/208] Linking CXX static library libxfmd_workspace.a
[109/208] Building CXX object CMakeFiles/xfmd_media.dir/src/application/media/ImageDecoder.cpp.o
[110/208] Building CXX object CMakeFiles/xfmd_typography.dir/src/application/adapters/FontCatalog.cpp.o
[111/208] Building CXX object CMakeFiles/xfmd_typography.dir/src/application/adapters/SharedTextMetrics.cpp.o
[112/208] Building CXX object CMakeFiles/xfmd_media.dir/src/application/media/MathTypesetter.cpp.o
[113/208] Linking CXX static library libxfmd_media.a
[114/208] Building CXX object CMakeFiles/xfmd_typography.dir/src/application/adapters/DiagramPainter.cpp.o
[115/208] Building CXX object CMakeFiles/xfmd_typography.dir/src/application/adapters/SvgDiagramCache.cpp.o
[116/208] Generating /home/warloc/git/xfmd-sdl-navigation/build-acceptance/cargo/release/libxfmd_mermaid_ffi.a
    Finished `release` profile [optimized] target(s) in 0.21s
[117/208] Building CXX object CMakeFiles/xfmd_typography.dir/src/application/adapters/DisplayListPainter.cpp.o
[118/208] Building CXX object CMakeFiles/xfmd_typography.dir/src/application/preferences/ReadingColors.cpp.o
[119/208] Building CXX object CMakeFiles/xfmd_interpreter.dir/src/interpreter/mermaid/MermaidBlockBuilder.cpp.o
[120/208] Building CXX object CMakeFiles/xfmd_interpreter.dir/src/interpreter/MathSyntax.cpp.o
[121/208] Building CXX object CMakeFiles/xfmd_interpreter.dir/src/interpreter/ModelBuilder.cpp.o
[122/208] Building CXX object CMakeFiles/xfmd_interpreter.dir/src/interpreter/mermaid/MermaidInterpreter.cpp.o
[123/208] Building CXX object CMakeFiles/xfmd_interpreter.dir/src/interpreter/CmarkInterpreter.cpp.o
[124/208] Building CXX object CMakeFiles/xfmd_interpreter.dir/src/interpreter/SourceMapBuilder.cpp.o
[125/208] Building CXX object CMakeFiles/xfmd_renderer.dir/src/renderer/diagram/DiagramPlacement.cpp.o
[126/208] Building CXX object CMakeFiles/xfmd_interpreter.dir/src/interpreter/TableModelBuilder.cpp.o
[127/208] Linking CXX static library libxfmd_interpreter.a
[128/208] Building CXX object CMakeFiles/xfmd_renderer.dir/src/renderer/MarkdownRenderer.cpp.o
[129/208] Building CXX object CMakeFiles/xfmd_renderer.dir/src/renderer/diagram/DiagramTextLayout.cpp.o
[130/208] Building CXX object CMakeFiles/xfmd_renderer.dir/src/renderer/diagram/MermaidDiagramLayout.cpp.o
[131/208] Building CXX object CMakeFiles/xfmd_renderer.dir/src/renderer/BlockLayout.cpp.o
[132/208] Building CXX object CMakeFiles/xfmd_renderer.dir/src/renderer/PageBreaker.cpp.o
[133/208] Building CXX object CMakeFiles/xfmd_renderer.dir/src/renderer/TableLayout.cpp.o
[134/208] Building CXX object CMakeFiles/xfmd_renderer.dir/src/renderer/PageComposer.cpp.o
[135/208] Building CXX object CMakeFiles/xfmd_renderer.dir/src/renderer/PageAnchorIndex.cpp.o
[136/208] Building CXX object CMakeFiles/xfmd_renderer.dir/src/renderer/HitTester.cpp.o
[137/208] Linking CXX static library libxfmd_typography.a
[138/208] Building CXX object CMakeFiles/xfmd_renderer.dir/src/renderer/LinkMarker.cpp.o
[139/208] Building CXX object CMakeFiles/xfmd_renderer.dir/src/renderer/InlineLayout.cpp.o
[140/208] Linking CXX static library libxfmd_renderer.a
[141/208] Building CXX object CMakeFiles/xfmd_diagrams.dir/src/application/diagrams/DiagramCache.cpp.o
[142/208] Building CXX object CMakeFiles/xfmd_diagrams.dir/src/application/diagrams/DiagramPreparation.cpp.o
[143/208] Building CXX object CMakeFiles/xfmd_export.dir/src/application/export/ExportCoordinator.cpp.o
[144/208] Building CXX object CMakeFiles/xfmd_diagrams.dir/src/application/composition/DiagramServices.cpp.o
[145/208] Linking CXX static library libxfmd_diagrams.a
[146/208] Building CXX object CMakeFiles/xfmd_export.dir/src/application/export/ExportPipeline.cpp.o
[147/208] Building CXX object CMakeFiles/xfmd_export.dir/src/application/io/PdfFilePublisher.cpp.o
[148/208] cd /home/warloc/git/xfmd-sdl-navigation/build-ui-sanitize && /usr/bin/python3.12 /home/warloc/git/xfmd-sdl-navigation/tools/build_identity.py --source /home/warloc/git/xfmd-sdl-navigation --output /home/warloc/git/xfmd-sdl-navigation/build-ui-sanitize/generated
[149/208] Building CXX object CMakeFiles/xfmd_version.dir/src/application/build/BuildVersion.cpp.o
[150/208] Linking CXX static library libxfmd_version.a
[151/208] Building CXX object CMakeFiles/xfmd_export.dir/src/application/adapters/PdfOutput.cpp.o
[152/208] Linking CXX static library libxfmd_export.a
[153/208] Building CXX object CMakeFiles/xfmd_application.dir/src/application/navigation/WindowEndpoint.cpp.o
[154/208] Building CXX object CMakeFiles/xfmd_application.dir/src/application/navigation/NavigationPanel.cpp.o
[155/208] Building CXX object CMakeFiles/xfmd_application.dir/src/application/ui/controls/CompactToolbar.cpp.o
[156/208] Building CXX object CMakeFiles/xfmd_application.dir/src/application/ui/controls/PreviewControls.cpp.o
[157/208] Building CXX object CMakeFiles/xfmd_application.dir/src/application/navigation/DocumentViews.cpp.o
[158/208] Building CXX object CMakeFiles/xfmd_application.dir/src/application/ui/controls/PreviewColorControls.cpp.o
[159/208] Building CXX object CMakeFiles/xfmd_application.dir/src/application/ui/style/IconCatalog.cpp.o
[160/208] Building CXX object CMakeFiles/xfmd_application.dir/src/application/ui/style/ThemeProfiles.cpp.o
[161/208] Building CXX object CMakeFiles/xfmd_application.dir/src/application/ui/style/UiContext.cpp.o
[162/208] Building CXX object CMakeFiles/xfmd_application.dir/src/application/ui/style/UiStyling.cpp.o
[163/208] Building CXX object CMakeFiles/xfmd_application.dir/src/application/ui/controls/ButtonPainter.cpp.o
[164/208] Building CXX object CMakeFiles/xfmd_application.dir/src/application/ui/controls/UiButton.cpp.o
[165/208] Building CXX object CMakeFiles/xfmd_application.dir/src/application/ui/controls/UiLayout.cpp.o
[166/208] Building CXX object CMakeFiles/xfmd_application.dir/src/application/preferences/PreferencesService.cpp.o
[167/208] Building CXX object CMakeFiles/xfmd_application.dir/src/application/adapters/ExternalBrowser.cpp.o
[168/208] Building CXX object CMakeFiles/xfmd_application.dir/src/application/adapters/FoxPreferencesStore.cpp.o
[169/208] Building CXX object CMakeFiles/xfmd_application.dir/src/application/ui/PreferencesDialog.cpp.o
[170/208] Building CXX object CMakeFiles/xfmd_application.dir/src/application/ui/PreferencesPages.cpp.o
[171/208] Building CXX object CMakeFiles/xfmd_application.dir/src/application/ui/OpenPathDialog.cpp.o
[172/208] Building CXX object CMakeFiles/xfmd_application.dir/src/application/adapters/DesktopFileOpener.cpp.o
[173/208] Building CXX object CMakeFiles/xfmd_application.dir/src/application/ApplicationOpening.cpp.o
[174/208] Building CXX object CMakeFiles/xfmd_application.dir/src/application/ui/XfmdToolbar.cpp.o
[175/208] Building CXX object CMakeFiles/xfmd_application.dir/src/application/ApplicationAppearance.cpp.o
[176/208] Building CXX object CMakeFiles/xfmd_application.dir/src/application/ApplicationWorkspace.cpp.o
[177/208] Building CXX object CMakeFiles/xfmd_application.dir/src/application/ui/controls/ReadingColorPopup.cpp.o
[178/208] Building CXX object CMakeFiles/xfmd_application.dir/src/application/ui/controls/DocumentPathField.cpp.o
[179/208] Building CXX object CMakeFiles/xfmd_application.dir/src/application/ui/controls/ThemeButton.cpp.o
[180/208] Building CXX object CMakeFiles/xfmd_application.dir/src/application/ApplicationIndex.cpp.o
[181/208] Building CXX object CMakeFiles/xfmd_application.dir/src/application/ApplicationCommands.cpp.o
[182/208] Building CXX object CMakeFiles/xfmd_application.dir/src/application/commands/CommandRouter.cpp.o
[183/208] Building CXX object CMakeFiles/xfmd_application.dir/src/application/Application.cpp.o
[184/208] Building CXX object CMakeFiles/xfmd_application.dir/src/application/ui/XfmdWindow.cpp.o
[185/208] Building CXX object CMakeFiles/xfmd_application.dir/src/application/ApplicationExport.cpp.o
[186/208] Building CXX object CMakeFiles/xfmd_application.dir/src/application/ui/IconResources.cpp.o
[187/208] Building CXX object CMakeFiles/xfmd_application.dir/src/application/ui/EditorWidget.cpp.o
[188/208] Building CXX object CMakeFiles/xfmd_application.dir/src/application/ui/EditorPresentation.cpp.o
[189/208] Building CXX object CMakeFiles/xfmd_application.dir/src/application/ui/SidebarWidget.cpp.o
[190/208] Building CXX object CMakeFiles/xfmd_application.dir/src/application/ui/WorkspacePanel.cpp.o
[191/208] Building CXX object CMakeFiles/xfmd_application.dir/src/application/ui/RecentFilesPanel.cpp.o
[192/208] Building CXX object CMakeFiles/xfmd_application.dir/src/application/ui/NavigationTree.cpp.o
[193/208] Building CXX object CMakeFiles/xfmd_application.dir/src/application/ui/ViewModeController.cpp.o
[194/208] Building CXX object CMakeFiles/xfmd_application.dir/src/application/adapters/FoxCairoCanvas.cpp.o
[195/208] Building CXX object CMakeFiles/xfmd_application.dir/src/application/adapters/ViewTransform.cpp.o
[196/208] Building CXX object CMakeFiles/xfmd_application.dir/src/application/ui/IndexPanel.cpp.o
[197/208] Building CXX object CMakeFiles/xfmd_application.dir/src/application/adapters/FoxWindowMode.cpp.o
[198/208] Building CXX object CMakeFiles/xfmd_application.dir/src/application/adapters/FoxPreviewInput.cpp.o
[199/208] Building CXX object CMakeFiles/xfmd_application.dir/src/application/adapters/FoxScheduler.cpp.o
[200/208] Building CXX object CMakeFiles/xfmd_application.dir/src/application/adapters/FoxWheelScrollBar.cpp.o
[201/208] Building CXX object CMakeFiles/xfmd_application.dir/src/application/adapters/FoxRenderHost.cpp.o
[202/208] Linking CXX static library libxfmd_application.a
[203/208] Building CXX object CMakeFiles/PathWorkspaceGuiTest.dir/tests/gui/PathWorkspaceGuiTest.cpp.o
[204/208] Building CXX object CMakeFiles/OpenPathDialogGuiTest.dir/tests/gui/OpenPathDialogGuiTest.cpp.o
[205/208] Building CXX object CMakeFiles/ThemePopupGuiTest.dir/tests/gui/ThemePopupGuiTest.cpp.o
[206/208] Linking CXX executable ThemePopupGuiTest
[207/208] Linking CXX executable OpenPathDialogGuiTest
[208/208] Linking CXX executable PathWorkspaceGuiTest
